// Jest Snapshot v1, https://goo.gl/fbAQLP

exports[`should render Login correctly 1`] = `
<div>
  <h1>
    Login Component
  </h1>
</div>
`;
