// Jest Snapshot v1, https://goo.gl/fbAQLP

exports[`should render PageOne correctly 1`] = `
<div>
  <h1>
    PageOne Component
  </h1>
</div>
`;
