// Jest Snapshot v1, https://goo.gl/fbAQLP

exports[`should render PageSecond correctly 1`] = `
<div>
  <h1>
    PageSecond Component
  </h1>
</div>
`;
