// Jest Snapshot v1, https://goo.gl/fbAQLP

exports[`should render Profile correctly 1`] = `
<div>
  <h1>
    Profile Component
  </h1>
</div>
`;
